/Users/hmitre/Library/CloudStorage/GoogleDrive-hmitre@cimat.mx/Mi unidad/CIMAT_OFICIAL/CODING/ANGRY_VS/.venv/lib/python3.12/site-packages/tensorflow/lite/python/interpreter.py:457: UserWarning:     Warning: tf.lite.Interpreter is deprecated and is scheduled for deletion in
    TF 2.20. Please use the LiteRT interpreter from the ai_edge_litert package.
    See the [migration guide](https://ai.google.dev/edge/litert/migration)
    for details.
    
  warnings.warn(_INTERPRETER_DELETION_WARNING)
INFO: Created TensorFlow Lite XNNPACK delegate for CPU.
[ESD] loading dataset...
[ESD] train: X=(12000, 20, 63)  y=Counter({1: 6000, 0: 6000})
[ESD] test: X=(1200, 20, 63)  y=Counter({1: 600, 0: 600})
[ESD] evaluation: X=(800, 20, 63)  y=Counter({1: 400, 0: 400})
[ESD] test: X=(1200, 20, 63)  y={np.int32(0): np.int64(600), np.int32(1): np.int64(600)}
[model] loading outputs/anger/microlightcnn_int8.tflite
[eval] accuracy=0.8317  F1=0.8276  AUC=0.9047

[fig] writing confusion matrix to outputs/figures/fig_anger_confusion_matrix.pdf
[fig] writing ROC curve to outputs/figures/fig_anger_roc_curve.pdf

============================================================
  Figure statistics (for paper caption)
============================================================
  Confusion matrix:
    TN=513  FP=87  FN=115  TP=485
    Accuracy=0.8317  F1=0.8276
    Precision=0.8479  Recall=0.8083  Specificity=0.8550
  ROC:
    AUC=0.9047
    Operating point @ tau=0.508: FPR=0.145  TPR=0.808

Done. Figures in outputs/figures/
